// Jest Snapshot v1, https://goo.gl/fbAQLP

exports[`<UserProfile /> should render correctly 1`] = `
Array [
  <h1>
    PROFILE
</h1>,
  <div
    className="main"
>
    <div
        className="main--user_profile"
    >
        <form
            className="new-profile"
            onSubmit={[Function]}
        >
            <fieldset
                className="personal-details"
            >
                <legend
                    style={
                        Object {
                            "width": "100%",
                          }
                    }
                >
                    <span
                        className="personal-details-text"
                    >
                        Personal Details
                    </span>
                    <span
                        className="required-field"
                    >
                        * Required Field
                    </span>
                    <div
                        className="profile-divider"
                    />
                </legend>
                <div
                    className="input-group profile-input"
                >
                    <div
                        className="form-input  "
                    >
                        <label
                            htmlFor="name"
                        >
                            Name
                            <span
                                style={
                                    Object {
                                        "color": "red",
                                      }
                                }
                            >
                                *
                            </span>
                            <span>
                                Â 
                                (As it appears on your passport)
                            </span>
                        </label>
                        <input
                            className=" "
                            label="Name"
                            name="name"
                            onBlur={[Function]}
                            onChange={[Function]}
                            type="text"
                            value=""
                        />
                        <span
                            className="error"
                        />
                    </div>
                    <div
                        className="form-input  "
                    >
                        <label
                            htmlFor="gender"
                        >
                            Gender
                            <span
                                style={
                                    Object {
                                        "color": "red",
                                      }
                                }
                            >
                                *
                            </span>
                        </label>
                        <div
                            className="input "
                        >
                            <button
                                className="bg-btn bg-btn--inactive"
                                data-value="Female"
                                key="Female"
                                name="gender"
                                onClick={[Function]}
                                type="button"
                            >
                                Female
                            </button>
                            <button
                                className="bg-btn bg-btn--inactive"
                                data-value="Male"
                                key="Male"
                                name="gender"
                                onClick={[Function]}
                                type="button"
                            >
                                Male
                            </button>
                        </div>
                        <span
                            className="error"
                        />
                    </div>
                    <div
                        className="form-input  "
                    >
                        <label
                            htmlFor="role"
                        >
                            Role
                            <span
                                style={
                                    Object {
                                        "color": "red",
                                      }
                                }
                            >
                                *
                            </span>
                        </label>
                        <div
                            style={
                                Object {
                                    "position": "relative",
                                  }
                            }
                        >
                            <div
                                choices={
                                    Array [
                                        "Software Developer",
                                        "Technical Team Lead",
                                        "Product Engineer",
                                        "Product Coordinator",
                                        "Travel Coordinator",
                                        "Country Director",
                                      ]
                                }
                                className="input select  "
                                error=""
                                label="Role"
                                name="role"
                                onChange={[Function]}
                                onClick={[Function]}
                                onKeyPress={[Function]}
                                role="button"
                                tabIndex="0"
                                type="dropdown-select"
                                value=""
                            >
                                <div
                                    className="value"
                                    style={
                                        Object {
                                            "width": undefined,
                                          }
                                    }
                                >
                                    <div
                                        className="select-dropdown inactive"
                                    >
                                        <img
                                            alt="icn"
                                            src="form_select_dropdown.svg"
                                        />
                                    </div>
                                </div>
                                <ul
                                    className="select-menu select-menu--inactive"
                                >
                                    <li
                                        key="Software Developer"
                                    >
                                        <div
                                            onClick={[Function]}
                                            onKeyPress={[Function]}
                                            role="button"
                                            tabIndex="0"
                                        >
                                            Software Developer
                                        </div>
                                    </li>
                                    <li
                                        key="Technical Team Lead"
                                    >
                                        <div
                                            onClick={[Function]}
                                            onKeyPress={[Function]}
                                            role="button"
                                            tabIndex="0"
                                        >
                                            Technical Team Lead
                                        </div>
                                    </li>
                                    <li
                                        key="Product Engineer"
                                    >
                                        <div
                                            onClick={[Function]}
                                            onKeyPress={[Function]}
                                            role="button"
                                            tabIndex="0"
                                        >
                                            Product Engineer
                                        </div>
                                    </li>
                                    <li
                                        key="Product Coordinator"
                                    >
                                        <div
                                            onClick={[Function]}
                                            onKeyPress={[Function]}
                                            role="button"
                                            tabIndex="0"
                                        >
                                            Product Coordinator
                                        </div>
                                    </li>
                                    <li
                                        key="Travel Coordinator"
                                    >
                                        <div
                                            onClick={[Function]}
                                            onKeyPress={[Function]}
                                            role="button"
                                            tabIndex="0"
                                        >
                                            Travel Coordinator
                                        </div>
                                    </li>
                                    <li
                                        key="Country Director"
                                    >
                                        <div
                                            onClick={[Function]}
                                            onKeyPress={[Function]}
                                            role="button"
                                            tabIndex="0"
                                        >
                                            Country Director
                                        </div>
                                    </li>
                                </ul>
                            </div>
                        </div>
                        <span
                            className="error"
                        />
                    </div>
                    <div
                        className="form-input  "
                    >
                        <label
                            htmlFor="department"
                        >
                            Department
                            <span
                                style={
                                    Object {
                                        "color": "red",
                                      }
                                }
                            >
                                *
                            </span>
                        </label>
                        <div
                            style={
                                Object {
                                    "position": "relative",
                                  }
                            }
                        >
                            <div
                                choices={
                                    Array [
                                        "Talent & Development",
                                        "Success",
                                        "IT",
                                        "Operations",
                                      ]
                                }
                                className="input select  "
                                error=""
                                label="Department"
                                name="department"
                                onChange={[Function]}
                                onClick={[Function]}
                                onKeyPress={[Function]}
                                role="button"
                                tabIndex="0"
                                type="dropdown-select"
                                value=""
                            >
                                <div
                                    className="value"
                                    style={
                                        Object {
                                            "width": undefined,
                                          }
                                    }
                                >
                                    <div
                                        className="select-dropdown inactive"
                                    >
                                        <img
                                            alt="icn"
                                            src="form_select_dropdown.svg"
                                        />
                                    </div>
                                </div>
                                <ul
                                    className="select-menu select-menu--inactive"
                                >
                                    <li
                                        key="Talent & Development"
                                    >
                                        <div
                                            onClick={[Function]}
                                            onKeyPress={[Function]}
                                            role="button"
                                            tabIndex="0"
                                        >
                                            Talent & Development
                                        </div>
                                    </li>
                                    <li
                                        key="Success"
                                    >
                                        <div
                                            onClick={[Function]}
                                            onKeyPress={[Function]}
                                            role="button"
                                            tabIndex="0"
                                        >
                                            Success
                                        </div>
                                    </li>
                                    <li
                                        key="IT"
                                    >
                                        <div
                                            onClick={[Function]}
                                            onKeyPress={[Function]}
                                            role="button"
                                            tabIndex="0"
                                        >
                                            IT
                                        </div>
                                    </li>
                                    <li
                                        key="Operations"
                                    >
                                        <div
                                            onClick={[Function]}
                                            onKeyPress={[Function]}
                                            role="button"
                                            tabIndex="0"
                                        >
                                            Operations
                                        </div>
                                    </li>
                                </ul>
                            </div>
                        </div>
                        <span
                            className="error"
                        />
                    </div>
                    <div
                        className="form-input  "
                    >
                        <label
                            htmlFor="manager"
                        >
                            Line Manager
                            <span
                                style={
                                    Object {
                                        "color": "red",
                                      }
                                }
                            >
                                *
                            </span>
                            <span>
                                Â 
                                (Manager)
                            </span>
                        </label>
                        <div
                            style={
                                Object {
                                    "position": "relative",
                                  }
                            }
                        >
                            <div
                                choices={Array []}
                                className="input select  "
                                error=""
                                label="Line Manager"
                                name="manager"
                                onChange={[Function]}
                                onClick={[Function]}
                                onKeyPress={[Function]}
                                role="button"
                                tabIndex="0"
                                type="dropdown-select"
                                value=""
                            >
                                <div
                                    className="value"
                                    style={
                                        Object {
                                            "width": undefined,
                                          }
                                    }
                                >
                                    <div
                                        className="select-dropdown inactive"
                                    >
                                        <img
                                            alt="icn"
                                            src="form_select_dropdown.svg"
                                        />
                                    </div>
                                </div>
                                <ul
                                    className="select-menu select-menu--inactive"
                                />
                            </div>
                        </div>
                        <span
                            className="error"
                        />
                    </div>
                </div>
            </fieldset>
            <div
                className="submit-area"
            >
                <button
                    className="bg-btn bg-btn--inactive"
                    disabled={true}
                    type="submit"
                >
                    Save Changes
                </button>
            </div>
        </form>
    </div>
</div>,
]
`;
