// Jest Snapshot v1, https://goo.gl/fbAQLP

exports[`<filterDropdownSelect/> shows receives error class name 1`] = `
<div
  style={
    Object {
      "position": "relative",
    }
  }
>
  <div
    className="value"
    style={
      Object {
        "width": undefined,
      }
    }
  >
    <input
      autoComplete="off"
      className="occupationInput"
      name="role"
      onChange={[Function]}
      type="text"
    />
  </div>
</div>
`;
