// Jest Snapshot v1, https://goo.gl/fbAQLP

exports[`<Requests> renders as expected 1`] = `
<Fragment>
  <Modal
    closeModal={[Function]}
    modalBar={<div />}
    modalContentId=""
    modalId=""
    params=""
    title="New Travel Request"
    visibility="invisible"
    width="1000px"
  >
    <NewRequestForm
      closeModal={[Function]}
      creatingRequest={false}
      errors={Array []}
      handleCreateRequest={[Function]}
      loading={false}
      managers={Array []}
      updateUserProfile={[Function]}
      user={
        Object {
          "UserInfo": Object {
            "name": "John Doe",
          },
        }
      }
    />
  </Modal>
  <div
    className="rp-requests__header"
  >
    <RequestPanelHeader
      activeStatus="all"
      fetchRequests={[Function]}
      getRequestsWithLimit={[Function]}
      modalType={null}
      openModal={[Function]}
      openRequestsCount={1}
      pastRequestsCount={1}
      requestsLength={3}
      shouldOpen={false}
      url="?page=1"
    />
  </div>
  <div
    className="rp-table"
  >
    <WithLoading
      closeModal={[Function]}
      fetchRequestsError={null}
      isLoading={false}
      modalType={null}
      openModal={[Function]}
      page="Requests"
      requests={
        Array [
          Object {
            "department": "TDD",
            "gender": "Female",
            "id": "xDh20btGz",
            "manager": "Ezrqn Kiptanui",
            "name": "Amarachukwo Agbo",
            "role": "Learning Facilitator",
            "tripType": "oneWay",
            "trips": Array [
              Object {
                "departureDate": "2018-09-20",
                "destination": "Angola",
                "origin": "Lagos",
              },
            ],
          },
          Object {
            "department": "TDD",
            "gender": "Female",
            "id": "xDh20btGy",
            "manager": "Ezrqn Kiptanui",
            "name": "Amarachukwo Agbo",
            "role": "Learning Facilitator",
            "tripType": "oneWay",
            "trips": Array [
              Object {
                "departureDate": "2018-09-20",
                "destination": "Angola",
                "origin": "Lagos",
              },
            ],
          },
          Object {
            "department": "TDD",
            "gender": "Female",
            "id": "xDh20btGx",
            "manager": "Ezrqn Kiptanui",
            "name": "Amarachukwo Agbo",
            "role": "Learning Facilitator",
            "tripType": "oneWay",
            "trips": Array [
              Object {
                "departureDate": "2018-09-20",
                "destination": "Angola",
                "origin": "Lagos",
              },
            ],
          },
        ]
      }
      shouldOpen={false}
      type="requests"
    />
  </div>
  <div
    className="rp-pagination"
  >
    <Pagination
      currentPage={1}
      onPageChange={[Function]}
      pageCount={4}
    />
  </div>
</Fragment>
`;
