// Jest Snapshot v1, https://goo.gl/fbAQLP

exports[`Render SearchBar component should match snapshot 1`] = `
<button
  className=""
  id=""
  onClick={null}
  type="button"
>
  <img
    alt=""
    className=""
    src="image"
  />
  <span
    className=""
  />
</button>
`;
