// Jest Snapshot v1, https://goo.gl/fbAQLP

exports[`<Dashboard /> renders as expected 1`] = `<DashboardHeader />`;
