// Jest Snapshot v1, https://goo.gl/fbAQLP

exports[`UserComments component should match snapshot 1`] = `
<div>
  <div
    className="modal__user-info"
  >
    <ImageLink
      altText="avatar"
      imageClass="modal__oval"
      imageSrc="http://my-image"
    />
    <span
      className="modal__text-size"
    >
      Test user C
    </span>
    <div
      className="modal__modal3"
    >
      Software Developer
      ,
      TDD
    </div>
  </div>
</div>
`;
