// Jest Snapshot v1, https://goo.gl/fbAQLP

exports[`Render NavBar component should match snapshot 1`] = `
<header
  className="mdl-layout__header navbar__layout_header"
>
  <div
    className="mdl-layout__header-row"
  >
    <div
      className="navbar__nav-size navbar__logo-icons"
    >
      <span
        className="navbar__logo-icons"
      >
        <img
          alt="Andela Logo"
          src="travela.svg"
        />
      </span>
    </div>
    <div
      className="mdl-layout-spacer"
    />
    <div
      className="navbar__search-size mdl-cell--hide-phone"
    >
      <SearchBar />
    </div>
    <nav
      className="mdl-navigation"
    >
      <div
        className="navbar__nav-size"
        id="notification"
        onClick={[Function]}
        role="presentation"
      >
        <span
          className="material-icons mdl-badge navbar__badge"
          data-badge="12"
        >
          <img
            alt="Notification"
            className="navbar__navbar-notification"
            src="notification.svg"
          />
        </span>
      </div>
      <div
        className="navbar__user-icon navbar__nav-size mdl-cell--hide-tablet mdl-cell--hide-phone"
      >
        <div>
          <span
            className="navbar__mdl-icons"
          >
            <ImageLink
              altText="Andela Logo"
              imageClass="navbar__mdl-upic"
              imageSrc="avatar"
            />
            <span
              className="navbar__text-size"
            />
          </span>
          <span>
            <Button
              altText="Dropdown Icon"
              buttonClass="mdl-button mdl-js-button mdl-button--icon mdl-Icons"
              buttonId="demo-menu-lower-right"
              buttonType="button"
              imageClass="navbar__mdl-Icon"
              imageSrc="drop-down-icon.svg"
              onClick={null}
              text="Login to Get Started"
              textClass=""
            />
            <div
              className="navbar__mdl-list"
            >
              <ul
                className="mdl-menu mdl-menu--bottom-right mdl-js-menu mdl-js-ripple-effect navbar__menu"
                htmlFor="demo-menu-lower-right"
              >
                <li
                  className="mdl-menu__item navbar__menu-item"
                >
                  <div
                    id="logout"
                    onClick={[Function]}
                    role="presentation"
                  >
                    Logout
                  </div>
                </li>
              </ul>
            </div>
          </span>
        </div>
      </div>
    </nav>
  </div>
  <button
    onClick={[Function]}
    type="button"
  >
    <i
      className="material-icons navbar__search-icon"
    >
      search
    </i>
  </button>
  <div
    className="navbar__search-size mdl-cell--hide-desktop mdl-cell--hide-tablet"
    style={
      Object {
        "display": "block",
      }
    }
  >
    <SearchBar />
  </div>
</header>
`;
