// Jest Snapshot v1, https://goo.gl/fbAQLP

exports[`Render SearchBar component should match snapshot 1`] = `
<div
  className="mdl-search searchbar__search"
>
  <img
    alt="Search Icon"
    className="searchbar__search-icon"
    src="Loupe.svg"
  />
  <form
    action="#"
  >
    <input
      className="input-format"
      placeholder="Search requests, team members, etc"
      size="1"
      type="text"
    />
  </form>
</div>
`;
