// Jest Snapshot v1, https://goo.gl/fbAQLP

exports[`Component: isAuthenticated User Protected Routes test suite Redirects user to homepage if they are not authenticated 1`] = `
<Connect(RequestsPage)
  auth={
    Object {
      "isAuthenticated": false,
      "user": null,
    }
  }
  getUserData={[Function]}
  history={
    Object {
      "push": [Function],
    }
  }
  isAuthenticated={false}
  user={
    Object {
      "UserInfo": Object {
        "name": "John Doe",
      },
    }
  }
/>
`;
