// Jest Snapshot v1, https://goo.gl/fbAQLP

exports[`<NewUserRoleForm /> renders correctly 1`] = `
<form
  className="new-request"
  onSubmit={[Function]}
>
  <fieldset
    className="personal-details"
  >
    <div
      className="input-group"
    >
      <div
        style={
          Object {
            "marginRight": "30px",
            "width": " 232px",
          }
        }
      >
        <div
          className="form-input  "
        >
          <label
            htmlFor="email"
          >
            Andela Email Address
            <span
              style={
                Object {
                  "color": "red",
                }
              }
            >
              *
            </span>
          </label>
          <input
            className=" "
            label="Andela Email Address"
            name="email"
            onBlur={[Function]}
            onChange={[Function]}
            size="232px"
            type="text"
            value=""
          />
          <span
            className="error"
          />
        </div>
      </div>
      <div
        className="form-input  "
      >
        <label
          htmlFor="roleName"
        >
          Role
          <span
            style={
              Object {
                "color": "red",
              }
            }
          >
            *
          </span>
        </label>
        <div
          style={
            Object {
              "position": "relative",
            }
          }
        >
          <div
            choices={
              Array [
                "Super Administrator",
                "Travel Administrator",
                "Travel Team Member",
                "Requester",
                "Manager",
              ]
            }
            className="input select  "
            error=""
            label="Role"
            name="roleName"
            onChange={[Function]}
            onClick={[Function]}
            onKeyPress={[Function]}
            role="button"
            size="232px"
            tabIndex="0"
            type="dropdown-select"
            value=""
          >
            <div
              className="value"
              style={
                Object {
                  "width": "232px",
                }
              }
            >
              <div
                className="select-dropdown inactive"
              >
                <img
                  alt="icn"
                  src="form_select_dropdown.svg"
                />
              </div>
            </div>
            <ul
              className="select-menu select-menu--inactive"
            >
              <li
                id="choice"
                key="Super Administrator"
              >
                <div
                  id="choice"
                  onClick={[Function]}
                  onKeyPress={[Function]}
                  role="button"
                  tabIndex="0"
                >
                  Super Administrator
                </div>
              </li>
              <li
                id="choice"
                key="Travel Administrator"
              >
                <div
                  id="choice"
                  onClick={[Function]}
                  onKeyPress={[Function]}
                  role="button"
                  tabIndex="0"
                >
                  Travel Administrator
                </div>
              </li>
              <li
                id="choice"
                key="Travel Team Member"
              >
                <div
                  id="choice"
                  onClick={[Function]}
                  onKeyPress={[Function]}
                  role="button"
                  tabIndex="0"
                >
                  Travel Team Member
                </div>
              </li>
              <li
                id="choice"
                key="Requester"
              >
                <div
                  id="choice"
                  onClick={[Function]}
                  onKeyPress={[Function]}
                  role="button"
                  tabIndex="0"
                >
                  Requester
                </div>
              </li>
              <li
                id="choice"
                key="Manager"
              >
                <div
                  id="choice"
                  onClick={[Function]}
                  onKeyPress={[Function]}
                  role="button"
                  tabIndex="0"
                >
                  Manager
                </div>
              </li>
            </ul>
          </div>
        </div>
        <span
          className="error"
        />
      </div>
    </div>
  </fieldset>
  <hr />
  <fieldset>
    <div
      className="submit-area"
    >
      <button
        className="bg-btn bg-btn--inactive"
        id="cancel"
        onClick={[Function]}
        type="button"
      >
        Clear
      </button>
      <button
        className="bg-btn bg-btn--active"
        disabled={true}
        id="submit"
        type="submit"
      >
        Submit
      </button>
    </div>
  </fieldset>
</form>
`;
