// Jest Snapshot v1, https://goo.gl/fbAQLP

exports[`Render RequestsModal component should match snapshot 1`] = `
<Fragment>
  <div>
    <div
      className="modal__user-info"
    >
      <ImageLink
        altText="avatar"
        imageClass="modal__oval"
        imageSrc="http://my-image"
      />
      <span
        className="modal__text-size"
      >
        Test user C
      </span>
      <div
        className="modal__modal3"
      >
        Software Developer
        ,
        TDD
      </div>
    </div>
  </div>
  <div
    className="modal__travel-place"
  >
    <span
      className="modal__dialog1"
    >
      Request to travel to:
      <span
        className="modal__city-name"
      >
        Nairobi
      </span>
    </span>
    <span
      className="modal__dialog-from"
    >
      From:
      <span
        className="modal__city-name"
      >
        Lagos
      </span>
    </span>
  </div>
  <div
    className="modal__modal-date"
  >
    <TravelLink
      divClass="modal__travel-date"
      dynamicDate="04 Sep 2018"
      dynamicText="Date submitted"
      innerClass="modal__travel-dates"
      nextClass="modal__date-text"
    />
    <TravelLink
      divClass="modal__travel-date"
      dynamicDate="12 Sep 2018"
      dynamicText="Target depature date"
      innerClass="modal__travel-dates"
      nextClass="modal__date-text"
    />
    <TravelLink
      divClass="modal__travel-date"
      dynamicDate="12 Nov 2018"
      dynamicText="Target return date"
      innerClass="modal__travel-dates"
      nextClass="modal__date-text"
    />
  </div>
  <div
    className="modal__button-below"
  >
    <span
      key="1"
    >
      <span
        className="modal__dialog-btn"
      >
        <button
          className="modal__button-submitted-text bg"
          disabled={true}
          id="b1"
          onClick={[Function]}
          style={
            Object {
              "backgroundColor": "",
              "color": "",
            }
          }
          type="button"
        >
          Approve
        </button>
      </span>
    </span>
    <span
      key="2"
    >
      <span
        className="modal__dialog-btn"
      >
        <button
          className="modal__button-rejected-text"
          disabled={true}
          id="b2"
          onClick={[Function]}
          style={
            Object {
              "backgroundColor": "",
              "color": "",
            }
          }
          type="button"
        >
          Reject
        </button>
      </span>
    </span>
  </div>
  <AddComment />
  <Connect(CommentBox)
    requestId="xDh20cuGx"
  />
  <div
    className="modal__modal1"
  >
    <span
      className="modal__mdl-icons"
    >
      <ImageLink
        altText="avatar"
        imageClass="modal__oval-copy"
        imageSrc="Oval2.png"
      />
      <span
        className="modal__user-name"
      >
        Samuel Kubai
      </span>
      <span
        className="modal__approval-status"
      >
        approved your travel request.
      </span>
      <span
        className="modal__hours-status"
      >
        5 hours ago
      </span>
    </span>
  </div>
  <div
    id="comments"
  >
    <div
      className="modal__modal1"
      key="2"
    >
      <hr />
      <div
        className="modal__mdl-icons"
      >
        <ImageLink
          altText="avatar"
          imageClass="modal__oval-copy"
          imageSrc="http://my-image"
        />
        <span
          className="modal__user-name"
        >
          Random User Two
        </span>
        <span
          className="modal__hours-status"
        >
          in 22 days
        </span>
        <span
          className="modal__dialog"
        >
          <button
            className="modal__delete-btn"
            type="button"
          >
            Delete
          </button>
        </span>
        <div
          className="modal__modal2"
        >
          <div
            className="modal__status-update"
            dangerouslySetInnerHTML={
              Object {
                "__html": "This is another comment",
              }
            }
          />
           
        </div>
      </div>
    </div>
    <div
      className="modal__modal1"
      key="1"
    >
      <hr />
      <div
        className="modal__mdl-icons"
      >
        <ImageLink
          altText="avatar"
          imageClass="modal__oval-copy"
          imageSrc="http://my-image"
        />
        <span
          className="modal__user-name"
        >
          Random User
        </span>
        <span
          className="modal__hours-status"
        >
          8 days ago
        </span>
        <span
          className="modal__dialog"
        >
          <button
            className="modal__delete-btn"
            type="button"
          >
            Delete
          </button>
        </span>
        <div
          className="modal__modal2"
        >
          <div
            className="modal__status-update"
            dangerouslySetInnerHTML={
              Object {
                "__html": "This is a comment",
              }
            }
          />
           
        </div>
      </div>
    </div>
  </div>
</Fragment>
`;
